// Jest Snapshot v1, https://goo.gl/fbAQLP

exports[`render ExpenseDashBoardPage 1`] = `
<div>
  <Component />
  <Connect(ExpenseListFilters) />
  <Connect(ExpenseList) />
</div>
`;
