// Jest Snapshot v1, https://goo.gl/fbAQLP

exports[`render ExpenseListItem with fixture data 1`] = `
<div>
  <Link
    replace={false}
    to="/edit/1"
  >
    <h3>
      gum
    </h3>
  </Link>
  <p>
    $1.95
    -
    Dec 31st, 1969
  </p>
</div>
`;
